L0   KDA  PASS   3 stages  worst 0.00x budget   25s
L1   KDA  PASS   3 stages  worst 0.00x budget   45s
L2   KDA  PASS   3 stages  worst 0.00x budget   45s
L3   MLA  PASS   3 stages  worst 0.00x budget   42s
L4   KDA  PASS   3 stages  worst 0.00x budget   56s
L5   KDA  PASS   3 stages  worst 0.00x budget   55s
L6   KDA  PASS   3 stages  worst 0.00x budget   58s
L7   MLA  PASS   3 stages  worst 0.00x budget   50s
L8   KDA  PASS   3 stages  worst 0.00x budget   54s
L9   KDA  PASS   3 stages  worst 0.00x budget   55s
L10  KDA  PASS   3 stages  worst 0.00x budget   56s
L11  MLA  PASS   3 stages  worst 0.00x budget   50s
L12  KDA  PASS   3 stages  worst 0.00x budget   53s
L13  KDA  PASS   3 stages  worst 0.00x budget   51s
L14  KDA  PASS   3 stages  worst 0.00x budget   55s
L15  MLA  PASS   3 stages  worst 0.00x budget   45s
L16  KDA  PASS   3 stages  worst 0.00x budget   53s
L17  KDA  PASS   3 stages  worst 0.00x budget   52s
L18  KDA  PASS   3 stages  worst 0.00x budget   58s
L19  MLA  PASS   3 stages  worst 0.00x budget   48s
L20  KDA  PASS   3 stages  worst 0.00x budget   62s
L21  KDA  PASS   3 stages  worst 0.00x budget   64s
L22  KDA  PASS   3 stages  worst 0.00x budget   66s
L23  MLA  PASS   3 stages  worst 0.00x budget   58s
L24  KDA  PASS   3 stages  worst 0.00x budget   47s
L25  KDA  PASS   3 stages  worst 0.00x budget   50s
L26  KDA  PASS   3 stages  worst 0.00x budget   47s
L27  MLA  PASS   3 stages  worst 0.00x budget   43s
L28  KDA  PASS   3 stages  worst 0.00x budget   56s
L29  KDA  PASS   3 stages  worst 0.00x budget   59s
L30  KDA  PASS   3 stages  worst 0.00x budget   60s
L31  MLA  PASS   3 stages  worst 0.00x budget   50s
L32  KDA  PASS   3 stages  worst 0.00x budget   62s
L33  KDA  PASS   3 stages  worst 0.00x budget   65s
L34  KDA  PASS   3 stages  worst 0.00x budget   62s
L35  MLA  PASS   3 stages  worst 0.00x budget   55s
L36  KDA  PASS   3 stages  worst 0.00x budget   52s
L37  KDA  PASS   3 stages  worst 0.00x budget   65s
L38  KDA  PASS   3 stages  worst 0.00x budget   72s
L39  MLA  PASS   3 stages  worst 0.00x budget   55s
L40  KDA  PASS   3 stages  worst 0.00x budget   68s
L41  KDA  PASS   3 stages  worst 0.00x budget   66s
L42  KDA  PASS   3 stages  worst 0.00x budget   65s
L43  MLA  PASS   3 stages  worst 0.00x budget   57s
L44  KDA  PASS   3 stages  worst 0.00x budget   74s
L45  KDA  PASS   3 stages  worst 0.00x budget   71s
L46  KDA  PASS   3 stages  worst 0.00x budget   69s
L47  MLA  PASS   3 stages  worst 0.00x budget   58s
L48  KDA  PASS   3 stages  worst 0.00x budget   58s
L49  KDA  PASS   3 stages  worst 0.00x budget   70s
L50  KDA  PASS   3 stages  worst 0.00x budget   68s
L51  MLA  PASS   3 stages  worst 0.00x budget   59s
L52  KDA  PASS   3 stages  worst 0.00x budget   70s
L53  KDA  PASS   3 stages  worst 0.00x budget   69s
L54  KDA  PASS   3 stages  worst 0.00x budget   72s
L55  MLA  PASS   3 stages  worst 0.00x budget   61s
L56  KDA  PASS   3 stages  worst 0.00x budget   78s
L57  KDA  PASS   3 stages  worst 0.00x budget   70s
L58  KDA  PASS   3 stages  worst 0.00x budget   65s
L59  MLA  PASS   3 stages  worst 0.00x budget   66s
L60  KDA  PASS   3 stages  worst 0.00x budget   74s
L61  KDA  PASS   3 stages  worst 0.00x budget   73s
L62  KDA  PASS   3 stages  worst 0.00x budget   77s
L63  MLA  PASS   3 stages  worst 0.00x budget   62s
L64  KDA  PASS   3 stages  worst 0.00x budget   80s
L65  KDA  PASS   3 stages  worst 0.00x budget   71s
L66  KDA  PASS   3 stages  worst 0.00x budget   73s
L67  MLA  PASS   3 stages  worst 0.00x budget   63s
L68  KDA  PASS   3 stages  worst 0.00x budget   65s
L69  KDA  PASS   3 stages  worst 0.00x budget   66s
L70  KDA  PASS   3 stages  worst 0.00x budget   65s
L71  MLA  PASS   3 stages  worst 0.00x budget   55s
L72  KDA  PASS   3 stages  worst 0.00x budget   75s
L73  KDA  PASS   3 stages  worst 0.00x budget   63s
L74  KDA  PASS   3 stages  worst 0.00x budget   73s
L75  MLA  PASS   3 stages  worst 0.00x budget   57s
L76  KDA  PASS   3 stages  worst 0.00x budget   68s
L77  KDA  PASS   3 stages  worst 0.00x budget   73s
L78  KDA  PASS   3 stages  worst 0.00x budget   70s
L79  MLA  PASS   3 stages  worst 0.00x budget   59s
L80  KDA  PASS   3 stages  worst 0.00x budget   67s
L81  KDA  PASS   3 stages  worst 0.00x budget   71s
L82  KDA  PASS   3 stages  worst 0.00x budget   63s
L83  MLA  PASS   3 stages  worst 0.00x budget   56s
L84  KDA  PASS   3 stages  worst 0.00x budget   56s
L85  KDA  PASS   3 stages  worst 0.00x budget   74s
L86  KDA  PASS   3 stages  worst 0.00x budget   67s
L87  MLA  PASS   3 stages  worst 0.00x budget   45s
L88  KDA  PASS   3 stages  worst 0.00x budget   67s
L89  KDA  PASS   3 stages  worst 0.00x budget   61s
L90  KDA  PASS   3 stages  worst 0.00x budget   66s
L91  MLA  PASS   3 stages  worst 0.00x budget   46s
L92  MLA  PASS   3 stages  worst 0.00x budget   49s

==============================================================================
LAYERS 0..92   93 passed, 0 failed   (69 KDA, 24 MLA)   5639 s total
worst stage across all passing layers: 0.00x of its rounding budget
==============================================================================
VERDICT: ALL LAYERS CONFORM
