reference forward: 93 layers, 5 prompt ids, hidden 7168, vocab 163840
embedded 5 ids (BF16)
  L0   KDA dense    20.7 s   |h| max 0.145457
  L1   KDA MoE      44.7 s   |h| max 0.187096
  L2   KDA MoE      50.7 s   |h| max 2.080418
  L3   MLA MoE      36.2 s   |h| max 0.503955
  L4   KDA MoE      38.5 s   |h| max 0.661286
  L5   KDA MoE      45.5 s   |h| max 0.812879
  L6   KDA MoE      55.1 s   |h| max 8.043560
  L7   MLA MoE      44.9 s   |h| max 3.890542
  L8   KDA MoE      50.1 s   |h| max 4.260307
  L9   KDA MoE      44.8 s   |h| max 7.116578
  L10  KDA MoE      73.3 s   |h| max 27.333942
  L11  MLA MoE      31.2 s   |h| max 25.269014
  L12  KDA MoE      41.1 s   |h| max 2.188684
  L13  KDA MoE      41.2 s   |h| max 1.860930
  L14  KDA MoE      40.3 s   |h| max 3.323375
  L15  MLA MoE      33.2 s   |h| max 3.329176
  L16  KDA MoE      41.0 s   |h| max 3.369560
  L17  KDA MoE      40.4 s   |h| max 3.566468
  L18  KDA MoE      39.7 s   |h| max 9.423682
  L19  MLA MoE      36.2 s   |h| max 9.138697
  L20  KDA MoE      38.7 s   |h| max 8.700302
  L21  KDA MoE      39.0 s   |h| max 20.911718
  L22  KDA MoE      41.1 s   |h| max 33.189644
  L23  MLA MoE      32.0 s   |h| max 21.762516
  L24  KDA MoE      36.9 s   |h| max 0.128100
  L25  KDA MoE      37.8 s   |h| max 0.139088
  L26  KDA MoE      42.4 s   |h| max 1.253929
  L27  MLA MoE      33.7 s   |h| max 1.087816
  L28  KDA MoE      37.7 s   |h| max 1.129400
  L29  KDA MoE      34.4 s   |h| max 1.296692
  L30  KDA MoE      35.7 s   |h| max 3.222280
  L31  MLA MoE      30.0 s   |h| max 3.239367
  L32  KDA MoE      35.0 s   |h| max 3.274488
  L33  KDA MoE      35.5 s   |h| max 3.418396
  L34  KDA MoE      35.8 s   |h| max 5.054258
  L35  MLA MoE      28.8 s   |h| max 14.519582
  L36  KDA MoE      40.4 s   |h| max 0.269027
  L37  KDA MoE      40.3 s   |h| max 0.537641
  L38  KDA MoE      38.9 s   |h| max 2.840771
  L39  MLA MoE      33.3 s   |h| max 2.838250
  L40  KDA MoE      37.3 s   |h| max 2.902090
  L41  KDA MoE      38.7 s   |h| max 2.970377
  L42  KDA MoE      38.8 s   |h| max 3.544798
  L43  MLA MoE      33.3 s   |h| max 3.718682
  L44  KDA MoE      38.5 s   |h| max 5.932635
  L45  KDA MoE      43.0 s   |h| max 8.277781
  L46  KDA MoE      40.3 s   |h| max 30.722158
  L47  MLA MoE      30.6 s   |h| max 76.281532
  L48  KDA MoE      38.6 s   |h| max 0.248469
  L49  KDA MoE      39.7 s   |h| max 0.349269
  L50  KDA MoE      42.0 s   |h| max 5.185338
  L51  MLA MoE      31.7 s   |h| max 1.083864
  L52  KDA MoE      38.0 s   |h| max 1.581633
  L53  KDA MoE      37.8 s   |h| max 4.665548
  L54  KDA MoE      38.7 s   |h| max 17.335722
  L55  MLA MoE      32.2 s   |h| max 8.986588
  L56  KDA MoE      40.6 s   |h| max 23.102322
  L57  KDA MoE      40.3 s   |h| max 32.244404
  L58  KDA MoE      39.6 s   |h| max 68.347992
  L59  MLA MoE      34.8 s   |h| max 136.707169
  L60  KDA MoE      38.6 s   |h| max 1.779803
  L61  KDA MoE      36.1 s   |h| max 2.569898
  L62  KDA MoE      38.7 s   |h| max 9.498684
  L63  MLA MoE      29.3 s   |h| max 5.315511
  L64  KDA MoE      38.7 s   |h| max 5.118953
  L65  KDA MoE      40.1 s   |h| max 5.529315
  L66  KDA MoE      37.9 s   |h| max 14.100409
  L67  MLA MoE      32.8 s   |h| max 10.744359
  L68  KDA MoE      39.0 s   |h| max 9.529266
  L69  KDA MoE      40.1 s   |h| max 9.437151
  L70  KDA MoE      38.0 s   |h| max 18.008358
  L71  MLA MoE      33.0 s   |h| max 23.164268
  L72  KDA MoE      43.3 s   |h| max 0.767903
  L73  KDA MoE      39.3 s   |h| max 2.532459
  L74  KDA MoE      43.3 s   |h| max 8.193798
  L75  MLA MoE      35.7 s   |h| max 4.264643
  L76  KDA MoE      45.7 s   |h| max 5.268568
  L77  KDA MoE      42.5 s   |h| max 5.483759
  L78  KDA MoE      44.3 s   |h| max 13.425593
  L79  MLA MoE      34.1 s   |h| max 8.486910
  L80  KDA MoE      51.6 s   |h| max 9.855852
  L81  KDA MoE      36.3 s   |h| max 10.429826
  L82  KDA MoE      42.6 s   |h| max 10.775433
  L83  MLA MoE      34.7 s   |h| max 9.943328
  L84  KDA MoE      39.7 s   |h| max 3.216658
  L85  KDA MoE      37.4 s   |h| max 4.696488
  L86  KDA MoE      34.5 s   |h| max 6.770693
  L87  MLA MoE      33.3 s   |h| max 6.396170
  L88  KDA MoE      37.0 s   |h| max 10.625910
  L89  KDA MoE      37.1 s   |h| max 17.881281
  L90  KDA MoE      34.5 s   |h| max 17.442339
  L91  MLA MoE      28.8 s   |h| max 19.182142
  L92  MLA MoE      36.7 s   |h| max 31.064180

final position: argmax token 2494, logit 15.021948, mean -0.462536, max 15.021948
total 3608.5 s
wrote /ephemeral/ref_logits.json
